<html>
<body>
<pre>
<h1>µVision Build Log</h1>
<h2>Tool Versions:</h2>
IDE-Version: µVision V5.25.2.0
Copyright (C) 2018 ARM Ltd and ARM Germany GmbH. All rights reserved.
License Information: sang tran, vtc, LIC=50D12-9LNX0-PGW7L-02K40-QC6LW-KNJ23
 
Tool Versions:
Toolchain:       MDK-ARM Professional  Version: 5.25.2.0
Toolchain Path:  C:\Keil_v5\ARM\ARMCC\Bin
C Compiler:      Armcc.exe V5.06 update 6 (build 750)
Assembler:       Armasm.exe V5.06 update 6 (build 750)
Linker/Locator:  ArmLink.exe V5.06 update 6 (build 750)
Library Manager: ArmAr.exe V5.06 update 6 (build 750)
Hex Converter:   FromElf.exe V5.06 update 6 (build 750)
CPU DLL:         SARMCM3.DLL V5.25.2.0
Dialog DLL:      DCM.DLL V1.17.1.0
Target DLL:      STLink\ST-LINKIII-KEIL_SWO.dll V3.0.1.0
Dialog DLL:      TCM.DLL V1.35.1.0
 
<h2>Project:</h2>
E:\doccument\my_subject\do an\CODE\STM\1\SLAVEb\6\MDK-ARM\TRANSMIT.uvprojx
Project File Date:  05/29/2019

<h2>Output:</h2>
*** Using Compiler 'V5.06 update 6 (build 750)', folder: 'C:\Keil_v5\ARM\ARMCC\Bin'
Build target 'TRANSMIT'
compiling CTR_nrf24l01.c...
compiling main.c...
../Src/main.c(112): warning:  #167-D: argument of type "uint8_t *" is incompatible with parameter of type "const char *"
  		if(strcmp(chuoi, "ON_1b") == 0 )
../Src/main.c(117): warning:  #167-D: argument of type "char *" is incompatible with parameter of type "uint8_t *"
  				HAL_UART_Transmit(&huart1,bat_san,32,5);
../Src/main.c(124): warning:  #167-D: argument of type "char *" is incompatible with parameter of type "uint8_t *"
  				HAL_UART_Transmit(&huart1,bat,32,5);
../Src/main.c(128): warning:  #167-D: argument of type "char *" is incompatible with parameter of type "uint8_t *"
  					HAL_UART_Transmit(&huart1,bat_khong_duoc,32,5);
../Src/main.c(141): warning:  #167-D: argument of type "uint8_t *" is incompatible with parameter of type "const char *"
  		else if(strcmp(chuoi, "OFF_1b") == 0)
../Src/main.c(147): warning:  #167-D: argument of type "char *" is incompatible with parameter of type "uint8_t *"
  				HAL_UART_Transmit(&huart1,tat_san,32,5);
../Src/main.c(153): warning:  #167-D: argument of type "char *" is incompatible with parameter of type "uint8_t *"
  				HAL_UART_Transmit(&huart1,tat,32,5);
../Src/main.c(157): warning:  #167-D: argument of type "char *" is incompatible with parameter of type "uint8_t *"
  					HAL_UART_Transmit(&huart1,tat_khong_duoc,32,5);
../Src/main.c(229): warning:  #167-D: argument of type "uint8_t *" is incompatible with parameter of type "const char *"
  			if(strcmp(chuoi, "ON_1b") == 0 || strcmp(chuoi, "OFF_1b") == 0)
../Src/main.c(229): warning:  #167-D: argument of type "uint8_t *" is incompatible with parameter of type "const char *"
  			if(strcmp(chuoi, "ON_1b") == 0 || strcmp(chuoi, "OFF_1b") == 0)
../Src/main.c(236): warning:  #167-D: argument of type "char *" is incompatible with parameter of type "uint8_t *"
  				HAL_UART_Transmit(&huart1,chuoi_truyen,32,5);
../Src/main.c(238): warning:  #167-D: argument of type "char *" is incompatible with parameter of type "unsigned char *"
  				CTR_nrfSendPacket(chuoi_truyen);
../Src/main.c(255): warning:  #167-D: argument of type "uint8_t *" is incompatible with parameter of type "const char *"
  						int chuoi_ok = strcmp(chuoi, ok);
../Src/main.c(262): warning:  #167-D: argument of type "char *" is incompatible with parameter of type "unsigned char *"
  							CTR_nrfSendPacket(check_ok);
../Src/main.c: 14 warnings, 0 errors
linking...
Program Size: Code=6768 RO-data=292 RW-data=304 ZI-data=1152  
FromELF: creating hex file...
"TRANSMIT\TRANSMIT.axf" - 0 Error(s), 14 Warning(s).

<h2>Software Packages used:</h2>

Package Vendor: ARM
                http://www.keil.com/pack/ARM.CMSIS.5.3.0.pack
                ARM.CMSIS.5.3.0
                CMSIS (Cortex Microcontroller Software Interface Standard)
   * Component: CORE Version: 5.1.1

Package Vendor: Keil
                http://www.keil.com/pack/Keil.STM32F1xx_DFP.2.3.0.pack
                Keil.STM32F1xx_DFP.2.3.0
                STMicroelectronics STM32F1 Series Device Support, Drivers and Examples

<h2>Collection of Component include folders:</h2>
  .\RTE\_TRANSMIT
  C:\Keil_v5\ARM\PACK\ARM\CMSIS\5.3.0\CMSIS\Include
  C:\Keil_v5\ARM\PACK\Keil\STM32F1xx_DFP\2.3.0\Device\Include

<h2>Collection of Component Files used:</h2>

   * Component: ARM::CMSIS:CORE:5.1.1
Build Time Elapsed:  00:00:05
</pre>
</body>
</html>
